// Jest Snapshot v1, https://goo.gl/fbAQLP

exports[`Check if Item component has changed 1`] = `
Array [
  <div
    className="container"
    data-testid="component-container"
    style={
      Object {
        "backgroundColor": undefined,
      }
    }
  >
    <a
      className="link"
      href="/details"
      onClick={[Function]}
    >
      <img
        alt="arrow"
        data-testid="go-to-details"
        src="arrow.svg"
      />
    </a>
    <div>
      <img
        alt="flag"
        onError={[Function]}
        src="https//flag"
      />
    </div>
    <h1>
      Iraq
    </h1>
    <h2>
      utc+1
    </h2>
  </div>,
  ",",
]
`;
